// Jest Snapshot v1, https://goo.gl/fbAQLP

exports[`Arrow component renders the expected markup 1`] = `
<DocumentFragment>
  <div />
</DocumentFragment>
`;
